---
source: crates/ploke-tui/tests/approvals_overlay_render.rs
expression: red
---
┌ Approvals ───────────────────────────────────────────────┐
│┌ Pending Proposals ──┐┌ Details ────────────────────────┐│
││                     ││                                 ││
││                     ││                                 ││
││                     ││                                 ││
││                     ││                                 ││
││                     ││                                 ││
││                     ││                                 ││
││                     ││                                 ││
││                     ││                                 ││
││                     ││                                 ││
││                     ││                                 ││
││                     ││                                 ││
││                     ││                                 ││
││                     ││                                 ││
││                     ││                                 ││
││                     ││                                 ││
│└─────────────────────┘└─────────────────────────────────┘│
│       ? Help | View: unlimited | Filter: pending+errored │
└──────────────────────────────────────────────────────────┘
