---
source: crates/ploke-tui/tests/approvals_overlay_render.rs
expression: red
---
┌ Approvals ───────────────────────────────────────────────────────────────────┐
│┌ Pending Proposals ──────────┐┌ Details ────────────────────────────────────┐│
││12345678  Pending  files:1   ││request_id: 12345678-1234-5678-1234-567812345││
││                             ││status: Pending  files:1                     ││
││                             ││Unified Diff:                                ││
││                             ││diff --git a/src b/src                       ││
││                             ││- old                                        ││
││                             ││+ new                                        ││
││                             ││                                             ││
││                             ││                                             ││
││                             ││                                             ││
││                             ││                                             ││
││                             ││                                             ││
││                             ││                                             ││
││                             ││                                             ││
││                             ││                                             ││
││                             ││                                             ││
││                             ││                                             ││
││                             ││                                             ││
││                             ││                                             ││
││                             ││                                             ││
││                             ││                                             ││
│└─────────────────────────────┘└─────────────────────────────────────────────┘│
└──────────────────────────────────────────────────────────────────────────────┘
